[marketifythemes.net/tailwind/dizme/index-dark.html]
[backblue.gif]
[fade.gif]
[index.html]
[marketifythemes.net/tailwind/dizme/assets/css/icon.css]
[marketifythemes.net/tailwind/dizme/assets/css/magnific-popup.css]
[marketifythemes.net/tailwind/dizme/assets/css/animate.min.css]
[marketifythemes.net/tailwind/dizme/assets/css/owl.carousel.min.css]
[marketifythemes.net/tailwind/dizme/assets/css/style.css]
[marketifythemes.net/tailwind/dizme/index.html]
[marketifythemes.net/tailwind/dizme/assets/img/logo/logo.png]
[marketifythemes.net/tailwind/dizme/assets/img/logo/dark.png]
[marketifythemes.net/tailwind/img/slider/2.jpg]
[marketifythemes.net/tailwind/dizme/assets/img/slider/avatar.png]
[marketifythemes.net/tailwind/dizme/assets/img/svg/skills/illustrator.svg]
[marketifythemes.net/tailwind/dizme/assets/img/svg/skills/photoshop.svg]
[marketifythemes.net/tailwind/dizme/assets/img/svg/skills/figma.svg]
[marketifythemes.net/tailwind/dizme/assets/img/brushes/process/1.png]
[marketifythemes.net/tailwind/dizme/assets/img/svg/process/target.svg]
[marketifythemes.net/tailwind/dizme/assets/img/brushes/process/dark/1.png]
[marketifythemes.net/tailwind/dizme/assets/img/svg/process/target-2.svg]
[marketifythemes.net/tailwind/dizme/assets/img/brushes/process/2.png]
[marketifythemes.net/tailwind/dizme/assets/img/svg/process/brush.svg]
[marketifythemes.net/tailwind/dizme/assets/img/brushes/process/dark/2.png]
[marketifythemes.net/tailwind/dizme/assets/img/svg/process/brush-2.svg]
[marketifythemes.net/tailwind/dizme/assets/img/brushes/process/3.png]
[marketifythemes.net/tailwind/dizme/assets/img/svg/process/energy.svg]
[marketifythemes.net/tailwind/dizme/assets/img/brushes/process/dark/3.png]
[marketifythemes.net/tailwind/dizme/assets/img/svg/process/energy-2.svg]
[marketifythemes.net/tailwind/dizme/assets/img/about/1.jpg]
[marketifythemes.net/tailwind/dizme/assets/img/about/2.jpg]
[marketifythemes.net/tailwind/dizme/assets/img/brushes/about/1.png]
[marketifythemes.net/tailwind/dizme/assets/img/brushes/about/2.png]
[marketifythemes.net/tailwind/dizme/assets/img/portfolio/1.jpg]
[marketifythemes.net/tailwind/dizme/assets/img/portfolio/2.jpg]
[marketifythemes.net/tailwind/dizme/assets/img/portfolio/4.jpg]
[marketifythemes.net/tailwind/dizme/assets/img/portfolio/3.jpg]
[marketifythemes.net/tailwind/dizme/assets/img/portfolio/5.jpg]
[marketifythemes.net/tailwind/dizme/assets/img/portfolio/6.jpg]
[marketifythemes.net/tailwind/dizme/assets/img/brushes/portfolio/1.png]
[marketifythemes.net/tailwind/dizme/assets/img/brushes/portfolio/2.png]
[marketifythemes.net/tailwind/dizme/assets/img/skills/1.jpg]
[marketifythemes.net/tailwind/dizme/assets/img/skills/2.jpg]
[marketifythemes.net/tailwind/dizme/assets/img/svg/service/anchor.svg]
[marketifythemes.net/tailwind/dizme/assets/img/brushes/service/1.png]
[marketifythemes.net/tailwind/dizme/assets/img/brushes/service/dark/1.png]
[marketifythemes.net/tailwind/dizme/assets/img/svg/service/physics.svg]
[marketifythemes.net/tailwind/dizme/assets/img/brushes/service/2.png]
[marketifythemes.net/tailwind/dizme/assets/img/brushes/service/dark/2.png]
[marketifythemes.net/tailwind/dizme/assets/img/svg/service/contact.svg]
[marketifythemes.net/tailwind/dizme/assets/img/brushes/service/3.png]
[marketifythemes.net/tailwind/dizme/assets/img/brushes/service/dark/3.png]
[marketifythemes.net/tailwind/dizme/assets/img/svg/service/web.svg]
[marketifythemes.net/tailwind/dizme/assets/img/brushes/service/4.png]
[marketifythemes.net/tailwind/dizme/assets/img/brushes/service/dark/4.png]
[marketifythemes.net/tailwind/dizme/assets/img/brushes/service/5.png]
[marketifythemes.net/tailwind/dizme/assets/img/brushes/service/6.png]
[marketifythemes.net/tailwind/dizme/assets/img/service/1.jpg]
[marketifythemes.net/tailwind/dizme/assets/img/service/2.jpg]
[marketifythemes.net/tailwind/dizme/assets/img/service/3.jpg]
[marketifythemes.net/tailwind/dizme/assets/img/service/4.jpg]
[marketifythemes.net/tailwind/img/testimonials/bg-client-dark.png]
[marketifythemes.net/tailwind/img/testimonials/bg-client.png]
[marketifythemes.net/tailwind/dizme/assets/img/svg/testimonials/quote.svg]
[marketifythemes.net/tailwind/dizme/assets/img/testimonials/4.jpg]
[marketifythemes.net/tailwind/dizme/assets/img/brushes/testimonials/1.png]
[marketifythemes.net/tailwind/dizme/assets/img/partners/dark/1.png]
[marketifythemes.net/tailwind/dizme/assets/img/partners/light/1.png]
[marketifythemes.net/tailwind/dizme/assets/img/partners/dark/2.png]
[marketifythemes.net/tailwind/dizme/assets/img/partners/light/2.png]
[marketifythemes.net/tailwind/dizme/assets/img/partners/dark/3.png]
[marketifythemes.net/tailwind/dizme/assets/img/partners/light/3.png]
[marketifythemes.net/tailwind/dizme/assets/img/partners/dark/4.png]
[marketifythemes.net/tailwind/dizme/assets/img/partners/light/4.png]
[marketifythemes.net/tailwind/dizme/assets/img/partners/dark/5.png]
[marketifythemes.net/tailwind/dizme/assets/img/partners/light/5.png]
[marketifythemes.net/tailwind/dizme/assets/img/partners/dark/6.png]
[marketifythemes.net/tailwind/dizme/assets/img/partners/light/6.png]
[marketifythemes.net/tailwind/dizme/assets/img/partners/dark/7.png]
[marketifythemes.net/tailwind/dizme/assets/img/partners/light/7.png]
[marketifythemes.net/tailwind/dizme/assets/img/partners/dark/8.png]
[marketifythemes.net/tailwind/dizme/assets/img/partners/light/8.png]
[marketifythemes.net/tailwind/dizme/assets/img/brushes/partners/1.png]
[marketifythemes.net/tailwind/dizme/assets/img/news/1.jpg]
[marketifythemes.net/tailwind/dizme/assets/img/news/2.jpg]
[marketifythemes.net/tailwind/dizme/assets/img/news/3.jpg]
[marketifythemes.net/tailwind/dizme/assets/img/brushes/news/1.png]
[marketifythemes.net/tailwind/dizme/assets/img/brushes/news/2.png]
[marketifythemes.net/tailwind/dizme/assets/img/brushes/contact/1.png]
[marketifythemes.net/tailwind/dizme/assets/img/brushes/contact/2.png]
[marketifythemes.net/cdn-cgi/scripts/5c5dd728/cloudflare-static/email-decode.min.js]
[marketifythemes.net/tailwind/dizme/assets/js/jquery-3.6.2.min.js]
[marketifythemes.net/tailwind/dizme/assets/js/isotope.js]
[marketifythemes.net/tailwind/dizme/assets/js/jquery.magnific-popup.min.js]
[unpkg.com/alpinejs@3.x.x/dist/cdn.min.5b.delayed]
[unpkg.com/alpinejs@3.13.0/dist/cdn.min.js]
[marketifythemes.net/tailwind/dizme/assets/js/owl.carousel.min.js]
[marketifythemes.net/tailwind/dizme/assets/js/tilt.jquery.js]
[marketifythemes.net/tailwind/dizme/assets/js/wow.min.js]
[marketifythemes.net/tailwind/dizme/index-dark.html]
[marketifythemes.net/tailwind/dizme/assets/js/custom.js]
[marketifythemes.net/tailwind/dizme/assets/font/fontello3b7f.woff2]
[marketifythemes.net/tailwind/dizme/assets/font/fontello3b7f.eot]
[marketifythemes.net/tailwind/dizme/assets/css/icon.css]
[marketifythemes.net/tailwind/dizme/assets/css/magnific-popup.css]
[marketifythemes.net/tailwind/dizme/assets/css/animate.min.css]
[marketifythemes.net/tailwind/dizme/assets/font/fontello3b7f.ttf]
[marketifythemes.net/tailwind/dizme/assets/font/fontello3b7f.svg]
[marketifythemes.net/tailwind/dizme/assets/font/fontello3b7f.woff]
[marketifythemes.net/tailwind/dizme/assets/css/owl.video.play.66.delayed]
[marketifythemes.net/tailwind/dizme/assets/css/owl.carousel.min.css]
[marketifythemes.net/tailwind/dizme/assets/img/slider/1.jpg]
[marketifythemes.net/tailwind/dizme/assets/img/testimonials/bg-client.png]
[marketifythemes.net/tailwind/dizme/assets/img/subscribe/dots.jpg]
[marketifythemes.net/tailwind/dizme/assets/img/slider/2.jpg]
[marketifythemes.net/tailwind/dizme/assets/img/testimonials/bg-client-dark.png]
[marketifythemes.net/tailwind/dizme/assets/css/style.css]
[marketifythemes.net/tailwind/dizme/index.html]
[marketifythemes.net/tailwind/img/slider/2.html]
[marketifythemes.net/tailwind/dizme/assets/img/svg/skills/illustrator.svg]
[marketifythemes.net/tailwind/dizme/assets/img/svg/skills/photoshop.svg]
[marketifythemes.net/tailwind/dizme/assets/img/svg/skills/figma.svg]
[marketifythemes.net/tailwind/dizme/assets/img/svg/process/target.svg]
[marketifythemes.net/tailwind/dizme/assets/img/svg/process/target-2.svg]
[marketifythemes.net/tailwind/dizme/assets/img/svg/process/brush.svg]
[marketifythemes.net/tailwind/dizme/assets/img/svg/process/brush-2.svg]
[marketifythemes.net/tailwind/dizme/assets/img/svg/process/energy.svg]
[marketifythemes.net/tailwind/dizme/assets/img/svg/process/energy-2.svg]
[marketifythemes.net/tailwind/dizme/assets/img/svg/service/anchor.svg]
[marketifythemes.net/tailwind/dizme/assets/img/svg/service/physics.svg]
[marketifythemes.net/tailwind/dizme/assets/img/svg/service/contact.svg]
[marketifythemes.net/tailwind/dizme/assets/img/svg/service/web.svg]
[marketifythemes.net/tailwind/img/testimonials/bg-client-dark.html]
[marketifythemes.net/tailwind/img/testimonials/bg-client.html]
[marketifythemes.net/tailwind/dizme/assets/img/svg/testimonials/quote.svg]
[marketifythemes.net/tailwind/dizme/assets/js/jquery-3.6.2.min.js]
[marketifythemes.net/tailwind/dizme/assets/js/isotope.js]
[marketifythemes.net/tailwind/dizme/assets/js/jquery.magnific-popup.min.js]
[marketifythemes.net/tailwind/dizme/assets/js/owl.carousel.min.js]
[marketifythemes.net/tailwind/dizme/assets/js/tilt.jquery.js]
[marketifythemes.net/tailwind/dizme/assets/js/wow.min.js]
[marketifythemes.net/tailwind/dizme/assets/js/custom.js]
[marketifythemes.net/tailwind/dizme/assets/font/fontello3b7f.svg]
[marketifythemes.net/tailwind/dizme/assets/css/owl.video.play.html]
